// Jest Snapshot v1, https://goo.gl/fbAQLP

exports[`works 1`] = `
<div
  style={Object {}}
>
  <button
    className="chakra-button css-1u4l63n"
    id="login-button"
    type="submit"
  >
    Add
  </button>
</div>
`;
